[debug] > Exec(early(addDefaultCommands), None, None)
[debug] > Exec(addDefaultCommands, None, None)
[debug] > Exec(early(initialize), None, None)
[debug] > Exec(initialize, None, None)
[debug] > Exec(early(addPluginSbtFile="""C:\Users\coren\AppData\Local\Temp\idea.sbt"""), None, None)
[debug] > Exec(addPluginSbtFile="""C:\Users\coren\AppData\Local\Temp\idea.sbt""", None, None)
[debug] > Exec(boot, None, None)
[debug] > Exec(writeSbtVersion, None, None)
[debug] > Exec(reload, None, None)
[debug] > Exec(sbtStashOnFailure, None, None)
[debug] > Exec(onFailure loadFailed, None, None)
[debug] > Exec(loadp, None, None)
[info] welcome to sbt 1.9.7 (Amazon.com Inc. Java 17.0.10)
[debug]       Load.loadUnit: plugins took 226.4003ms
[debug]       Load.loadUnit: defsScala took 0.7273ms
[debug] [Loading] Scanning directory C:\Users\coren\.sbt\1.0\plugins
[debug] [Loading] Found non-root projects 
[debug] [Loading] Done in C:\Users\coren\.sbt\1.0\plugins, returning: ()
[debug] deducing auto plugins based on known facts Set(Atom(sbt.plugins.CorePlugin)) and clauses Clauses(Clause(Atom(sbt.plugins.JvmPlugin),Set(Atom(sbt.plugins.IvyPlugin)))
[debug] Clause(Atom(sbt.ScriptedPlugin),Set(Atom(sbt.plugins.JvmPlugin)))
[debug] Clause(Atom(sbt.plugins.SbtPlugin),Set(Atom(sbt.ScriptedPlugin)))
[debug] Clause(Atom(sbt.plugins.SemanticdbPlugin),Set(Atom(sbt.plugins.JvmPlugin)))
[debug] Clause(Atom(sbt.plugins.JUnitXmlReportPlugin),Set(Atom(sbt.plugins.JvmPlugin)))
[debug] Clause(Atom(sbt.plugins.MiniDependencyTreePlugin),Set(Atom(sbt.plugins.JvmPlugin)))
[debug] Clause(Atom(sbt.plugins.CorePlugin),Set(Atom(sbt.plugins.IvyPlugin)))
[debug] Clause(Atom(sbt.plugins.IvyPlugin),Set(Atom(sbt.plugins.JvmPlugin)))
[debug] Clause(Atom(sbt.plugins.JvmPlugin),Set(Atom(sbt.plugins.SemanticdbPlugin)))
[debug] Clause(Atom(sbt.plugins.JvmPlugin),Set(Atom(sbt.plugins.JUnitXmlReportPlugin)))
[debug] Clause(Atom(sbt.plugins.CorePlugin),Set(Atom(sbt.plugins.Giter8TemplatePlugin)))
[debug] Clause(Atom(sbt.plugins.JvmPlugin),Set(Atom(sbt.plugins.MiniDependencyTreePlugin))))
[debug]   :: deduced result: Matched(sbt.plugins.CorePlugin,sbt.plugins.Giter8TemplatePlugin,sbt.plugins.IvyPlugin,sbt.plugins.JvmPlugin,sbt.plugins.MiniDependencyTreePlugin,sbt.plugins.JUnitXmlReportPlugin,sbt.plugins.SemanticdbPlugin)
[debug] Plugins.deducer#function took 46.7871 ms
[debug]           Load.resolveProject(global-plugins) took 81.5303ms
[debug]         Load.loadTransitive: finalizeProject(Project(id global-plugins, base: C:\Users\coren\.sbt\1.0\plugins, plugins: List(<none>))) took 201.0907ms
[debug] [Loading] Done in C:\Users\coren\.sbt\1.0\plugins, returning: (global-plugins)
[debug]       Load.loadUnit: loadedProjectsRaw took 246.7522ms
[debug]       Load.loadUnit: cleanEvalClasses took 0.498699ms
[debug]     Load.loadUnit(file:/C:/Users/coren/.sbt/1.0/plugins/, ...) took 496.306901ms
[debug]   Load.apply: load took 792.3347ms
[debug]   Load.apply: resolveProjects took 12.118401ms
[debug]   Load.apply: finalTransforms took 119.195601ms
[debug]   Load.apply: config.delegates took 20.514101ms
[debug]   Load.apply: Def.make(settings)... took 790.681199ms
[debug]   Load.apply: structureIndex took 234.858801ms
[debug]   Load.apply: mkStreams took 3.215699ms
[info] loading global plugins from C:\Users\coren\.sbt\1.0\plugins
[debug] Running task... Cancel: Signal, check cycles: false, forcegc: true
[debug] Load.defaultLoad until apply took 4845.5225ms
[debug]           Load.loadUnit: plugins took 51.203201ms
[debug]           Load.loadUnit: defsScala took 0.0076ms
[debug] [Loading] Scanning directory C:\Users\coren\Documents\Cours\S8\Data engineering\projet\Data-Engineering\DataEngineer\project
[debug]             Load.loadUnit: mkEval took 8.2758ms
[debug] [Loading] Found non-root projects 
[debug] [Loading] Done in C:\Users\coren\Documents\Cours\S8\Data engineering\projet\Data-Engineering\DataEngineer\project, returning: ()
[debug] deducing auto plugins based on known facts Set(Atom(sbt.plugins.CorePlugin)) and clauses Clauses(Clause(Atom(sbt.plugins.JvmPlugin),Set(Atom(sbt.plugins.IvyPlugin)))
[debug] Clause(Atom(sbt.ScriptedPlugin),Set(Atom(sbt.plugins.JvmPlugin)))
[debug] Clause(Atom(sbt.plugins.SbtPlugin),Set(Atom(sbt.ScriptedPlugin)))
[debug] Clause(Atom(sbt.plugins.SemanticdbPlugin),Set(Atom(sbt.plugins.JvmPlugin)))
[debug] Clause(Atom(sbt.plugins.JUnitXmlReportPlugin),Set(Atom(sbt.plugins.JvmPlugin)))
[debug] Clause(Atom(sbt.plugins.MiniDependencyTreePlugin),Set(Atom(sbt.plugins.JvmPlugin)))
[debug] Clause(Atom(sbt.plugins.CorePlugin),Set(Atom(sbt.plugins.IvyPlugin)))
[debug] Clause(Atom(sbt.plugins.IvyPlugin),Set(Atom(sbt.plugins.JvmPlugin)))
[debug] Clause(Atom(sbt.plugins.JvmPlugin),Set(Atom(sbt.plugins.SemanticdbPlugin)))
[debug] Clause(Atom(sbt.plugins.JvmPlugin),Set(Atom(sbt.plugins.JUnitXmlReportPlugin)))
[debug] Clause(Atom(sbt.plugins.CorePlugin),Set(Atom(sbt.plugins.Giter8TemplatePlugin)))
[debug] Clause(Atom(sbt.plugins.JvmPlugin),Set(Atom(sbt.plugins.MiniDependencyTreePlugin))))
[debug]   :: deduced result: Matched(sbt.plugins.CorePlugin,sbt.plugins.Giter8TemplatePlugin,sbt.plugins.IvyPlugin,sbt.plugins.JvmPlugin,sbt.plugins.MiniDependencyTreePlugin,sbt.plugins.JUnitXmlReportPlugin,sbt.plugins.SemanticdbPlugin)
[debug] Plugins.deducer#function took 2.3214 ms
[info] loading settings for project dataengineer-build from idea.sbt ...
[debug]               Load.resolveProject(dataengineer-build) took 10.985999ms
[debug]             Load.loadTransitive: finalizeProject(Project(id dataengineer-build, base: C:\Users\coren\Documents\Cours\S8\Data engineering\projet\Data-Engineering\DataEngineer\project, plugins: List(<none>))) took 14.225101ms
[debug] [Loading] Done in C:\Users\coren\Documents\Cours\S8\Data engineering\projet\Data-Engineering\DataEngineer\project, returning: (dataengineer-build)
[debug]           Load.loadUnit: loadedProjectsRaw took 225.588901ms
[debug]           Load.loadUnit: cleanEvalClasses took 17.5473ms
[debug]         Load.loadUnit(file:/C:/Users/coren/Documents/Cours/S8/Data%20engineering/projet/Data-Engineering/DataEngineer/project/, ...) took 297.036299ms
[debug]       Load.apply: load took 302.1135ms
[debug]       Load.apply: resolveProjects took 0.2967ms
[debug]       Load.apply: finalTransforms took 10.1986ms
[debug]       Load.apply: config.delegates took 0.3619ms
[debug]       Load.apply: Def.make(settings)... took 91.324ms
[debug]       Load.apply: structureIndex took 47.3023ms
[debug]       Load.apply: mkStreams took 0.003001ms
[info] loading project definition from C:\Users\coren\Documents\Cours\S8\Data engineering\projet\Data-Engineering\DataEngineer\project
[debug] Running task... Cancel: Signal, check cycles: false, forcegc: true
[warn] Unrecognized repository Scala Plugin Bundled Repository, ignoring it
[warn] Unrecognized repository Scala Plugin Bundled Repository, ignoring it
[debug]     Load.loadUnit: plugins took 2198.5205ms
[debug]     Load.loadUnit: defsScala took 0.008399ms
[debug] [Loading] Scanning directory C:\Users\coren\Documents\Cours\S8\Data engineering\projet\Data-Engineering\DataEngineer
[debug]       Load.loadUnit: mkEval took 0.7029ms
[debug] [Loading] Found root project root w/ remaining 
[debug] deducing auto plugins based on known facts Set(Atom(sbt.plugins.CorePlugin)) and clauses Clauses(Clause(Atom(sbt.plugins.JvmPlugin),Set(Atom(sbt.plugins.IvyPlugin)))
[debug] Clause(Atom(sbt.ScriptedPlugin),Set(Atom(sbt.plugins.JvmPlugin)))
[debug] Clause(Atom(sbt.plugins.SbtPlugin),Set(Atom(sbt.ScriptedPlugin)))
[debug] Clause(Atom(sbt.plugins.SemanticdbPlugin),Set(Atom(sbt.plugins.JvmPlugin)))
[debug] Clause(Atom(sbt.plugins.JUnitXmlReportPlugin),Set(Atom(sbt.plugins.JvmPlugin)))
[debug] Clause(Atom(sbt.plugins.MiniDependencyTreePlugin),Set(Atom(sbt.plugins.JvmPlugin)))
[debug] Clause(Atom(org.jetbrains.sbt.StructurePlugin),Set(Atom(sbt.plugins.JvmPlugin)))
[debug] Clause(Atom(org.jetbrains.sbt.IdeaShellPlugin),Set(Atom(sbt.plugins.JvmPlugin)))
[debug] Clause(Atom(org.jetbrains.sbt.indices.SbtIntellijIndicesPlugin),Set(Atom(sbt.plugins.JvmPlugin)))
[debug] Clause(Atom(sbt.plugins.CorePlugin),Set(Atom(sbt.plugins.IvyPlugin)))
[debug] Clause(Atom(sbt.plugins.IvyPlugin),Set(Atom(sbt.plugins.JvmPlugin)))
[debug] Clause(Atom(sbt.plugins.JvmPlugin),Set(Atom(sbt.plugins.SemanticdbPlugin)))
[debug] Clause(Atom(sbt.plugins.JvmPlugin),Set(Atom(sbt.plugins.JUnitXmlReportPlugin)))
[debug] Clause(Atom(sbt.plugins.CorePlugin),Set(Atom(sbt.plugins.Giter8TemplatePlugin)))
[debug] Clause(Atom(sbt.plugins.JvmPlugin),Set(Atom(sbt.plugins.MiniDependencyTreePlugin)))
[debug] Clause(Atom(sbt.plugins.JvmPlugin),Set(Atom(org.jetbrains.sbt.StructurePlugin)))
[debug] Clause(Atom(sbt.plugins.JvmPlugin),Set(Atom(org.jetbrains.sbt.IdeaShellPlugin)))
[debug] Clause(And(Set(Atom(sbt.plugins.CorePlugin), Atom(sbt.plugins.JvmPlugin))),Set(Atom(org.jetbrains.sbt.indices.SbtIntellijIndicesPlugin))))
[debug]   :: deduced result: Matched(sbt.plugins.CorePlugin,sbt.plugins.Giter8TemplatePlugin,sbt.plugins.IvyPlugin,sbt.plugins.JvmPlugin,sbt.plugins.SemanticdbPlugin,org.jetbrains.sbt.indices.SbtIntellijIndicesPlugin,sbt.plugins.JUnitXmlReportPlugin,org.jetbrains.sbt.IdeaShellPlugin,org.jetbrains.sbt.StructurePlugin,sbt.plugins.MiniDependencyTreePlugin)
[debug] Plugins.deducer#function took 3.4181 ms
[info] loading settings for project root from build.sbt ...
[debug]         Load.resolveProject(root) took 61.289399ms
[debug]       Load.loadTransitive: finalizeProject(Project(id root, base: C:\Users\coren\Documents\Cours\S8\Data engineering\projet\Data-Engineering\DataEngineer, plugins: List(<none>))) took 68.6321ms
[debug] [Loading] Done in C:\Users\coren\Documents\Cours\S8\Data engineering\projet\Data-Engineering\DataEngineer, returning: (root)
[debug]     Load.loadUnit: loadedProjectsRaw took 9398.4635ms
[debug]     Load.loadUnit: cleanEvalClasses took 99.7562ms
[debug]   Load.loadUnit(file:/C:/Users/coren/Documents/Cours/S8/Data%20engineering/projet/Data-Engineering/DataEngineer/, ...) took 11699.429699ms
[debug] Load.apply: load took 11703.596799ms
[debug] Load.apply: resolveProjects took 0.16ms
[debug] Load.apply: finalTransforms took 41.581999ms
[debug] Load.apply: config.delegates took 0.546701ms
[debug] Load.apply: Def.make(settings)... took 100.4969ms
[debug] Load.apply: structureIndex took 30.970601ms
[debug] Load.apply: mkStreams took 0.0027ms
[info] set current project to projet (in build file:/C:/Users/coren/Documents/Cours/S8/Data%20engineering/projet/Data-Engineering/DataEngineer/)
[debug] > Exec(sbtPopOnFailure, None, None)
[debug] > Exec(resumeFromFailure, None, None)
[debug] > Exec(notifyUsersAboutShell, None, None)
[debug] > Exec(iflast shell, None, None)
[debug] > Exec(; set ideaPort in Global := 54066 ; idea-shell, None, None)
[debug] > Exec(set ideaPort in Global := 54066, None, None)
[info] Defining Global / ideaPort
[info] The new value will be used by Compile / compile, Test / compile
[debug] Defining 
[debug] 	Global / ideaPort
[debug] 
[debug] The new value will be used by 
[debug] 	Compile / compile
[debug] 	Test / compile
[info] Reapplying settings...
[info] set current project to projet (in build file:/C:/Users/coren/Documents/Cours/S8/Data%20engineering/projet/Data-Engineering/DataEngineer/)
[debug] > Exec(idea-shell, None, None)
