[debug] > Exec(early(addDefaultCommands), None, None)
[debug] > Exec(addDefaultCommands, None, None)
[debug] > Exec(early(initialize), None, None)
[debug] > Exec(initialize, None, None)
[debug] > Exec(early(addPluginSbtFile="""C:\Users\coren\AppData\Local\Temp\idea.sbt"""), None, None)
[debug] > Exec(addPluginSbtFile="""C:\Users\coren\AppData\Local\Temp\idea.sbt""", None, None)
[debug] > Exec(boot, None, None)
[debug] > Exec(writeSbtVersion, None, None)
[debug] > Exec(reload, None, None)
[debug] > Exec(sbtStashOnFailure, None, None)
[debug] > Exec(onFailure loadFailed, None, None)
[debug] > Exec(loadp, None, None)
[info] welcome to sbt 1.9.7 (Amazon.com Inc. Java 17.0.10)
[debug]       Load.loadUnit: plugins took 221.0565ms
[debug]       Load.loadUnit: defsScala took 1.0456ms
[debug] [Loading] Scanning directory C:\Users\coren\.sbt\1.0\plugins
[debug] [Loading] Found non-root projects 
[debug] [Loading] Done in C:\Users\coren\.sbt\1.0\plugins, returning: ()
[debug] deducing auto plugins based on known facts Set(Atom(sbt.plugins.CorePlugin)) and clauses Clauses(Clause(Atom(sbt.plugins.JvmPlugin),Set(Atom(sbt.plugins.IvyPlugin)))
[debug] Clause(Atom(sbt.ScriptedPlugin),Set(Atom(sbt.plugins.JvmPlugin)))
[debug] Clause(Atom(sbt.plugins.SbtPlugin),Set(Atom(sbt.ScriptedPlugin)))
[debug] Clause(Atom(sbt.plugins.SemanticdbPlugin),Set(Atom(sbt.plugins.JvmPlugin)))
[debug] Clause(Atom(sbt.plugins.JUnitXmlReportPlugin),Set(Atom(sbt.plugins.JvmPlugin)))
[debug] Clause(Atom(sbt.plugins.MiniDependencyTreePlugin),Set(Atom(sbt.plugins.JvmPlugin)))
[debug] Clause(Atom(sbt.plugins.CorePlugin),Set(Atom(sbt.plugins.IvyPlugin)))
[debug] Clause(Atom(sbt.plugins.IvyPlugin),Set(Atom(sbt.plugins.JvmPlugin)))
[debug] Clause(Atom(sbt.plugins.JvmPlugin),Set(Atom(sbt.plugins.SemanticdbPlugin)))
[debug] Clause(Atom(sbt.plugins.JvmPlugin),Set(Atom(sbt.plugins.JUnitXmlReportPlugin)))
[debug] Clause(Atom(sbt.plugins.CorePlugin),Set(Atom(sbt.plugins.Giter8TemplatePlugin)))
[debug] Clause(Atom(sbt.plugins.JvmPlugin),Set(Atom(sbt.plugins.MiniDependencyTreePlugin))))
[debug]   :: deduced result: Matched(sbt.plugins.CorePlugin,sbt.plugins.Giter8TemplatePlugin,sbt.plugins.IvyPlugin,sbt.plugins.JvmPlugin,sbt.plugins.MiniDependencyTreePlugin,sbt.plugins.JUnitXmlReportPlugin,sbt.plugins.SemanticdbPlugin)
[debug] Plugins.deducer#function took 61.143401 ms
[debug]           Load.resolveProject(global-plugins) took 103.535301ms
[debug]         Load.loadTransitive: finalizeProject(Project(id global-plugins, base: C:\Users\coren\.sbt\1.0\plugins, plugins: List(<none>))) took 223.969899ms
[debug] [Loading] Done in C:\Users\coren\.sbt\1.0\plugins, returning: (global-plugins)
[debug]       Load.loadUnit: loadedProjectsRaw took 286.1432ms
[debug]       Load.loadUnit: cleanEvalClasses took 0.3408ms
[debug]     Load.loadUnit(file:/C:/Users/coren/.sbt/1.0/plugins/, ...) took 534.339ms
[debug]   Load.apply: load took 939.831801ms
[debug]   Load.apply: resolveProjects took 13.498399ms
[debug]   Load.apply: finalTransforms took 97.6122ms
[debug]   Load.apply: config.delegates took 11.7793ms
[debug]   Load.apply: Def.make(settings)... took 1037.505ms
[debug]   Load.apply: structureIndex took 207.519201ms
[debug]   Load.apply: mkStreams took 3.0054ms
[info] loading global plugins from C:\Users\coren\.sbt\1.0\plugins
[debug] Running task... Cancel: Signal, check cycles: false, forcegc: true
[debug] Load.defaultLoad until apply took 4672.0115ms
[debug]           Load.loadUnit: plugins took 104.8861ms
[debug]           Load.loadUnit: defsScala took 0.0107ms
[debug] [Loading] Scanning directory C:\Users\coren\Documents\Cours\S8\Data engineering\projet\Data-Engineering\DataEngineer\project
[debug]             Load.loadUnit: mkEval took 11.733ms
[debug] [Loading] Found non-root projects 
[debug] [Loading] Done in C:\Users\coren\Documents\Cours\S8\Data engineering\projet\Data-Engineering\DataEngineer\project, returning: ()
[debug] deducing auto plugins based on known facts Set(Atom(sbt.plugins.CorePlugin)) and clauses Clauses(Clause(Atom(sbt.plugins.JvmPlugin),Set(Atom(sbt.plugins.IvyPlugin)))
[debug] Clause(Atom(sbt.ScriptedPlugin),Set(Atom(sbt.plugins.JvmPlugin)))
[debug] Clause(Atom(sbt.plugins.SbtPlugin),Set(Atom(sbt.ScriptedPlugin)))
[debug] Clause(Atom(sbt.plugins.SemanticdbPlugin),Set(Atom(sbt.plugins.JvmPlugin)))
[debug] Clause(Atom(sbt.plugins.JUnitXmlReportPlugin),Set(Atom(sbt.plugins.JvmPlugin)))
[debug] Clause(Atom(sbt.plugins.MiniDependencyTreePlugin),Set(Atom(sbt.plugins.JvmPlugin)))
[debug] Clause(Atom(sbt.plugins.CorePlugin),Set(Atom(sbt.plugins.IvyPlugin)))
[debug] Clause(Atom(sbt.plugins.IvyPlugin),Set(Atom(sbt.plugins.JvmPlugin)))
[debug] Clause(Atom(sbt.plugins.JvmPlugin),Set(Atom(sbt.plugins.SemanticdbPlugin)))
[debug] Clause(Atom(sbt.plugins.JvmPlugin),Set(Atom(sbt.plugins.JUnitXmlReportPlugin)))
[debug] Clause(Atom(sbt.plugins.CorePlugin),Set(Atom(sbt.plugins.Giter8TemplatePlugin)))
[debug] Clause(Atom(sbt.plugins.JvmPlugin),Set(Atom(sbt.plugins.MiniDependencyTreePlugin))))
[debug]   :: deduced result: Matched(sbt.plugins.CorePlugin,sbt.plugins.Giter8TemplatePlugin,sbt.plugins.IvyPlugin,sbt.plugins.JvmPlugin,sbt.plugins.MiniDependencyTreePlugin,sbt.plugins.JUnitXmlReportPlugin,sbt.plugins.SemanticdbPlugin)
[debug] Plugins.deducer#function took 5.3553 ms
[info] loading settings for project dataengineer-build from idea.sbt ...
[debug]               Load.resolveProject(dataengineer-build) took 5.084ms
[debug]             Load.loadTransitive: finalizeProject(Project(id dataengineer-build, base: C:\Users\coren\Documents\Cours\S8\Data engineering\projet\Data-Engineering\DataEngineer\project, plugins: List(<none>))) took 11.8725ms
[debug] [Loading] Done in C:\Users\coren\Documents\Cours\S8\Data engineering\projet\Data-Engineering\DataEngineer\project, returning: (dataengineer-build)
[debug]           Load.loadUnit: loadedProjectsRaw took 296.8414ms
[debug]           Load.loadUnit: cleanEvalClasses took 16.636299ms
[debug]         Load.loadUnit(file:/C:/Users/coren/Documents/Cours/S8/Data%20engineering/projet/Data-Engineering/DataEngineer/project/, ...) took 421.110699ms
[debug]       Load.apply: load took 425.1502ms
[debug]       Load.apply: resolveProjects took 0.192099ms
[debug]       Load.apply: finalTransforms took 15.430901ms
[debug]       Load.apply: config.delegates took 0.9987ms
[debug]       Load.apply: Def.make(settings)... took 157.9599ms
[debug]       Load.apply: structureIndex took 84.3332ms
[debug]       Load.apply: mkStreams took 0.0042ms
[info] loading project definition from C:\Users\coren\Documents\Cours\S8\Data engineering\projet\Data-Engineering\DataEngineer\project
[debug] Running task... Cancel: Signal, check cycles: false, forcegc: true
[warn] Unrecognized repository Scala Plugin Bundled Repository, ignoring it
[warn] Unrecognized repository Scala Plugin Bundled Repository, ignoring it
[debug]     Load.loadUnit: plugins took 2757.347699ms
[debug]     Load.loadUnit: defsScala took 0.006801ms
[debug] [Loading] Scanning directory C:\Users\coren\Documents\Cours\S8\Data engineering\projet\Data-Engineering\DataEngineer
[debug]       Load.loadUnit: mkEval took 0.611301ms
[debug] [Loading] Found root project root w/ remaining 
[debug] deducing auto plugins based on known facts Set(Atom(sbt.plugins.CorePlugin)) and clauses Clauses(Clause(Atom(sbt.plugins.JvmPlugin),Set(Atom(sbt.plugins.IvyPlugin)))
[debug] Clause(Atom(sbt.ScriptedPlugin),Set(Atom(sbt.plugins.JvmPlugin)))
[debug] Clause(Atom(sbt.plugins.SbtPlugin),Set(Atom(sbt.ScriptedPlugin)))
[debug] Clause(Atom(sbt.plugins.SemanticdbPlugin),Set(Atom(sbt.plugins.JvmPlugin)))
[debug] Clause(Atom(sbt.plugins.JUnitXmlReportPlugin),Set(Atom(sbt.plugins.JvmPlugin)))
[debug] Clause(Atom(sbt.plugins.MiniDependencyTreePlugin),Set(Atom(sbt.plugins.JvmPlugin)))
[debug] Clause(Atom(org.jetbrains.sbt.StructurePlugin),Set(Atom(sbt.plugins.JvmPlugin)))
[debug] Clause(Atom(org.jetbrains.sbt.IdeaShellPlugin),Set(Atom(sbt.plugins.JvmPlugin)))
[debug] Clause(Atom(org.jetbrains.sbt.indices.SbtIntellijIndicesPlugin),Set(Atom(sbt.plugins.JvmPlugin)))
[debug] Clause(Atom(sbt.plugins.CorePlugin),Set(Atom(sbt.plugins.IvyPlugin)))
[debug] Clause(Atom(sbt.plugins.IvyPlugin),Set(Atom(sbt.plugins.JvmPlugin)))
[debug] Clause(Atom(sbt.plugins.JvmPlugin),Set(Atom(sbt.plugins.SemanticdbPlugin)))
[debug] Clause(Atom(sbt.plugins.JvmPlugin),Set(Atom(sbt.plugins.JUnitXmlReportPlugin)))
[debug] Clause(Atom(sbt.plugins.CorePlugin),Set(Atom(sbt.plugins.Giter8TemplatePlugin)))
[debug] Clause(Atom(sbt.plugins.JvmPlugin),Set(Atom(sbt.plugins.MiniDependencyTreePlugin)))
[debug] Clause(Atom(sbt.plugins.JvmPlugin),Set(Atom(org.jetbrains.sbt.StructurePlugin)))
[debug] Clause(Atom(sbt.plugins.JvmPlugin),Set(Atom(org.jetbrains.sbt.IdeaShellPlugin)))
[debug] Clause(And(Set(Atom(sbt.plugins.CorePlugin), Atom(sbt.plugins.JvmPlugin))),Set(Atom(org.jetbrains.sbt.indices.SbtIntellijIndicesPlugin))))
[debug]   :: deduced result: Matched(sbt.plugins.CorePlugin,sbt.plugins.Giter8TemplatePlugin,sbt.plugins.IvyPlugin,sbt.plugins.JvmPlugin,sbt.plugins.SemanticdbPlugin,org.jetbrains.sbt.indices.SbtIntellijIndicesPlugin,sbt.plugins.JUnitXmlReportPlugin,org.jetbrains.sbt.IdeaShellPlugin,org.jetbrains.sbt.StructurePlugin,sbt.plugins.MiniDependencyTreePlugin)
[debug] Plugins.deducer#function took 8.686301 ms
[info] loading settings for project root from build.sbt ...
[debug]         Load.resolveProject(root) took 85.6176ms
[debug]       Load.loadTransitive: finalizeProject(Project(id root, base: C:\Users\coren\Documents\Cours\S8\Data engineering\projet\Data-Engineering\DataEngineer, plugins: List(<none>))) took 99.163901ms
[debug] [Loading] Done in C:\Users\coren\Documents\Cours\S8\Data engineering\projet\Data-Engineering\DataEngineer, returning: (root)
[debug]     Load.loadUnit: loadedProjectsRaw took 7166.3746ms
[debug]     Load.loadUnit: cleanEvalClasses took 148.8573ms
[debug]   Load.loadUnit(file:/C:/Users/coren/Documents/Cours/S8/Data%20engineering/projet/Data-Engineering/DataEngineer/, ...) took 10076.2615ms
[debug] Load.apply: load took 10084.0691ms
[debug] Load.apply: resolveProjects took 0.206199ms
[debug] Load.apply: finalTransforms took 56.400001ms
[debug] Load.apply: config.delegates took 0.7165ms
[debug] Load.apply: Def.make(settings)... took 132.4501ms
[debug] Load.apply: structureIndex took 49.956399ms
[debug] Load.apply: mkStreams took 0.0032ms
[info] set current project to projet (in build file:/C:/Users/coren/Documents/Cours/S8/Data%20engineering/projet/Data-Engineering/DataEngineer/)
[debug] > Exec(sbtPopOnFailure, None, None)
[debug] > Exec(resumeFromFailure, None, None)
[debug] > Exec(notifyUsersAboutShell, None, None)
[debug] > Exec(iflast shell, None, None)
[debug] > Exec(; set ideaPort in Global := 53812 ; idea-shell, None, None)
[debug] > Exec(set ideaPort in Global := 53812, None, None)
[info] Defining Global / ideaPort
[info] The new value will be used by Compile / compile, Test / compile
[debug] Defining 
[debug] 	Global / ideaPort
[debug] 
[debug] The new value will be used by 
[debug] 	Compile / compile
[debug] 	Test / compile
[info] Reapplying settings...
[info] set current project to projet (in build file:/C:/Users/coren/Documents/Cours/S8/Data%20engineering/projet/Data-Engineering/DataEngineer/)
[debug] > Exec(idea-shell, None, None)
